[MISSING] Docx: Equity Securities:...
[MISSING] Docx: Corporate Ownership...
[MATCH 1.00] Docx: quity securities — such as com... <--> MD: Equity securities — such as co...
  -> Match found but no Chinese content extracted.
[MATCH 1.00] Docx: The SIE exam tests your abilit... <--> MD: The SIE exam tests your abilit...
  -> Match found but no Chinese content extracted.
[MATCH 1.00] Docx: At the end of this chapter, yo... <--> MD: At the end of this chapter, yo...
  -> Match found but no Chinese content extracted.
[MATCH 1.00] Docx: Corporations issue common stoc... <--> MD: Corporations issue common stoc...
  -> Match found but no Chinese content extracted.
[MATCH 0.93] Docx: Stockholders have a right of i... <--> MD: Stockholders have a **right of...
  -> Match found but no Chinese content extracted.
[MATCH 0.95] Docx: Stockholders have limited liab... <--> MD: Stockholders have **limited li...
  -> Match found but no Chinese content extracted.
[MATCH 1.00] Docx: Unpaid workers... <--> MD: 1.  Unpaid workers...
[MATCH 0.94] Docx: The Internal Revenue Service (... <--> MD: 2.  The Internal Revenue Servi...
[MISSING] Docx: Secured creditors...
[MATCH 0.87] Docx: Secured creditors have issued ... <--> MD: 3.  Secured creditors： Secured...
[MISSING] Docx: General creditors...
[MATCH 0.89] Docx: General creditors have issued ... <--> MD: 4.  General creditors： General...
[MISSING] Docx: Subordinated debentures...
[MATCH 0.91] Docx: Subordinated debentures are ju... <--> MD: 5.  Subordinated debentures： S...
[MATCH 1.00] Docx: Preferred stockholders... <--> MD: 6.  Preferred stockholders...
[MATCH 1.00] Docx: Common stockholders... <--> MD: 7.  Common stockholders...
[MATCH 0.99] Docx: Common and preferred stockhold... <--> MD: Common and preferred stockhold...
  -> Match found but no Chinese content extracted.
[MATCH 0.97] Docx: Understanding a shareholder’s ... <--> MD: 2. Understanding a shareholder...
[MATCH 0.74] Docx: One of the most basic rights t... <--> MD: One of the most basic rights t...
  -> Match found but no Chinese content extracted.
[MATCH 0.99] Docx: Because having all stockholder... <--> MD: Because having all stockholder...
  -> Match found but no Chinese content extracted.
[MATCH 1.00] Docx: Statutory (regular) voting... <--> MD: Statutory (regular) voting...
[MATCH 1.00] Docx: Statutory, or regular, voting ... <--> MD: Statutory, or regular, voting ...
  -> Match found but no Chinese content extracted.
[MATCH 1.00] Docx: If an investor owns 500 shares... <--> MD: If an investor owns 500 shares...
  -> Match found but no Chinese content extracted.
[MATCH 1.00] Docx: Cumulative voting... <--> MD: Cumulative voting...
[MATCH 1.00] Docx: Cumulative voting is a little ... <--> MD: Cumulative voting is a little ...
  -> Match found but no Chinese content extracted.
[MATCH 1.00] Docx: If an investor owns 1,000 shar... <--> MD: If an investor owns 1,000 shar...
  -> Match found but no Chinese content extracted.
[MATCH 1.00] Docx: Cumulative voting doesn’t give... <--> MD: Cumulative voting doesn't give...
  -> Match found but no Chinese content extracted.
[MATCH 1.00] Docx: Try your hand at the following... <--> MD: Try your hand at the following...
  -> Match found but no Chinese content extracted.
[MATCH 1.00] Docx: Under cumulative-voting rules,... <--> MD: Under cumulative-voting rules,...
  -> Match found but no Chinese content extracted.
[MATCH 0.96] Docx: 1,000 votes for each of the fo... <--> MD: (A) 1,000 votes for each of th...
  -> Match found but no Chinese content extracted.
[MATCH 0.98] Docx: 3,500 votes for one candidate ... <--> MD: (B) 3,500 votes for one candid...
  -> Match found but no Chinese content extracted.
[MATCH 0.94] Docx: 4,000 votes for one candidate... <--> MD: (C) 4,000 votes for one candid...
  -> Match found but no Chinese content extracted.
[MATCH 0.89] Docx: All of the above... <--> MD: (D) All of the above...
  -> Match found but no Chinese content extracted.
[MATCH 1.00] Docx: The answer you’re looking for ... <--> MD: The answer you're looking for ...
  -> Match found but no Chinese content extracted.
[MATCH 1.00] Docx: Proxies: Voting by mail... <--> MD: Proxies: Voting by mail...
[MATCH 1.00] Docx: Regardless of whether a corpor... <--> MD: Regardless of whether a corpor...
  -> Match found but no Chinese content extracted.
[MATCH 0.99] Docx: Now, suppose that you live in ... <--> MD: Now, suppose that you live in ...
  -> Match found but no Chinese content extracted.
[MATCH 0.98] Docx: A proXy fight or proxy battle ... <--> MD: A **proxy fight** or **proxy b...
  -> Match found but no Chinese content extracted.
[MATCH 0.96] Docx: Categorizing shares corporatio... <--> MD: 3. Categorizing shares corpora...
[MATCH 1.00] Docx: All publicly held corporations... <--> MD: All publicly held corporations...
  -> Match found but no Chinese content extracted.
[MISSING] Docx: Authorized shares: Authorized shares are the numbe...
[MATCH 0.82] Docx: identifies the names of the fo... <--> MD: *   **Authorized shares:** Aut...
  -> Match found but no Chinese content extracted.
[MISSING] Docx: Issued shares: Issued shares are the portion of au...
[MATCH 0.72] Docx: the portion of authorized shar... <--> MD: *   **Issued shares:** Issued ...
  -> Match found but no Chinese content extracted.
[MISSING] Docx: Outstanding shares: Outstanding shares are the num...
[MATCH 0.90] Docx: hands. This quantity may or ma... <--> MD: *   **Outstanding shares:** Ou...
  -> Match found but no Chinese content extracted.
[MATCH 0.99] Docx: The standard formula for outst... <--> MD: The standard formula for outst...
  -> Match found but no Chinese content extracted.
[MATCH 0.92] Docx: outstanding	issued  treasury... <--> MD: outstanding = issued – Treasur...
  -> Match found but no Chinese content extracted.
[MISSING] Docx: Here’s a quick question about calculating outstand...
[MATCH 1.00] Docx: DEF Corp. has 20,000,000 share... <--> MD: DEF Corp. has 20,000,000 share...
  -> Match found but no Chinese content extracted.
[MISSING] Docx: 13,500,000...
[MISSING] Docx: 15,000,000...
[MISSING] Docx: 16,500,000...
[MISSING] Docx: 20,000,000...
[MATCH 1.00] Docx: The answer you’re looking for ... <--> MD: The answer you're looking for ...
  -> Match found but no Chinese content extracted.
[MATCH 0.92] Docx: outstanding	issued  Treasury... <--> MD: outstanding = issued – Treasur...
  -> Match found but no Chinese content extracted.
[MATCH 0.87] Docx: outstanding	15, 000, 000 1, 50... <--> MD: outstanding = 15,000,000 – 1,5...
  -> Match found but no Chinese content extracted.
[MISSING] Docx: Establishing the par value of common stock...
[MISSING] Docx: Par value (nominal or original value) for common s...
[MISSING] Docx: The amount over par value that an issuer receives ...
[MISSING] Docx: The stated par value is printed on the stock certi...
[MISSING] Docx: Considering corporate actions...
[MISSING] Docx: Besides just attempting to build their business, c...
[MISSING] Docx: Here are some of the corporate actions:...
[MISSING] Docx: Buybacks: A buyback happens when a cash-rich corpo...
[MISSING] Docx: shares in the market, turning them into treasury s...
[MISSING] Docx: Tender offers: A tender offer occurs when a corpor...
[MISSING] Docx: control (make a takeover bid) of a corporation (th...
[MISSING] Docx: Exchange offers: Sometimes, a corporation decides ...
[MISSING] Docx: other ones. A corporation may offer its bondholder...
[MISSING] Docx: Mergers: Two existing corporations may decide to m...
[MISSING] Docx: Mergers typically have a positive impact on invest...
[MISSING] Docx: Acquisitions: Compared with a merger, in which two...
[MISSING] Docx: one or a portion of another corporation. For one c...
[MISSING] Docx: As you can imagine, in the event of a corporate ac...
[MISSING] Docx: Splitting common stock...
[MISSING] Docx: You may ask “Why would a company split its stock?”...
[MISSING] Docx: Alternatively, companies may use a reverse-split, ...
[MISSING] Docx: Stockholders can vote on stock splits. (Refer to “...
[MATCH 0.77] Docx: Forward stock splits... <--> MD: Forward and reverse stock spli...
[MISSING] Docx: During a forward stock split, or simply split, the...
[MISSING] Docx: Use the following calculations to figure out an in...
[MISSING] Docx: A...
[MISSING] Docx: shares after a split	shares...
[MISSING] Docx: B...
[MISSING] Docx: B...
[MISSING] Docx: price aftera split	stock price...
[MISSING] Docx: A...
[MISSING] Docx: The following question tests your ability to answe...
[MISSING] Docx: Bob Billingham owns 1,200 shares of DEF common sto...
[MISSING] Docx: 400 shares at $270 per share...
[MISSING] Docx: 400 shares at $90 per share...
[MISSING] Docx: 3,600 shares at $33.33 per share...
[MISSING] Docx: 3,600 shares at $30 per share...
[MISSING] Docx: The answer you’re looking for is (D). A forward st...
[MISSING] Docx: (C) doesn’t work because the price of the stock wo...
[MISSING] Docx: $33.33. Now check your work:...
[MISSING] Docx: 3...
[MISSING] Docx: 1, 200 shares...
[MISSING] Docx: 1...
[MISSING] Docx: 1...
[MISSING] Docx: 3, 600 shares...
[MISSING] Docx: $90...
[MISSING] Docx: 3...
[MISSING] Docx: $30...
[MISSING] Docx: A good way to double-check your work is to make su...
[MATCH 0.77] Docx: Reverse stock splits... <--> MD: Forward and reverse stock spli...
[MISSING] Docx: A reverse stock split has the opposite effect on a...
[MISSING] Docx: In the event of a reverse-split, investors usually...
[MISSING] Docx: You can use the same formula to determine an inves...
[MISSING] Docx: The following question tests your ability to answe...
[MISSING] Docx: Betty Billings owns 3,600 shares of GHI common sto...
[MISSING] Docx: 600 shares at $10 per share...
[MISSING] Docx: 720 shares at $10 per share...
[MISSING] Docx: 18,000 shares at 40 cents per share...
[MISSING] Docx: 18,000 shares at $10 per share...
[MISSING] Docx: The correct answer is (B). In a reverse-split, the...
[MISSING] Docx: 1...
[MISSING] Docx: 3, 600 shares...
[MISSING] Docx: 5...
[MISSING] Docx: 5...
[MISSING] Docx: 720 shares...
[MISSING] Docx: $2	$10...
[MISSING] Docx: 1...
[MISSING] Docx: Sharing corporate profits through dividends...
[MISSING] Docx: If a corporation is profitable (and the board of d...
[MISSING] Docx: Investors can’t vote on dividends; instead, the bo...
[MISSING] Docx: Cash dividends...
[MISSING] Docx: Cash dividends are a way for a corporation to shar...
[MISSING] Docx: stock price  dividend  price on ex - dividend date...
[MISSING] Docx: Try your hand at answering a cash-dividend questio...
[MISSING] Docx: The closing price for ABC stock is $49.50 on the d...
[MISSING] Docx: $48.25...
[MISSING] Docx: $48.75...
[MISSING] Docx: $49.50...
[MISSING] Docx: $50.25...
[MISSING] Docx: The correct answer is (B). Check your work:...
[MISSING] Docx: $49.50  $0.75	$48.75...
[MISSING] Docx: The math’s as simple as that. Because now stocks a...
[MISSING] Docx: Stock dividends...
[MISSING] Docx: Stock dividends are just like forward stock splits...
[MISSING] Docx: The primary reason for a company to give investors...
[MISSING] Docx: The following question tests your expertise in ans...
[MISSING] Docx: Alyssa H. owns 400 shares of OXX common stock at $...
[MISSING] Docx: 400 shares at $30...
[MISSING] Docx: 440 shares at $33...
[MISSING] Docx: 400 shares at $36.30...
[MISSING] Docx: 440 shares at $30...
[MISSING] Docx: The answer you want is (D). In this case, you can ...
[MISSING] Docx: Anyway, here’s how the numbers work. You have to r...
[MISSING] Docx: 400 shares  $33  $13, 200...
[MISSING] Docx: Because the overall value of investment doesn’t ch...
[MISSING] Docx: $13, 200...
[MISSING] Docx: 440 shares...
[MISSING] Docx: $30 per share...
[MISSING] Docx: Alyssa’s position after the split is 440 shares at...
[MISSING] Docx: When you or one of your clients own securities sub...
[MISSING] Docx: For argument’s sake, suppose that you purchased 1,...
[MATCH 0.77] Docx: Getting Preferential Treatment... <--> MD: 5. Getting Preferential Treatm...
[MISSING] Docx: Equity securities represent shares of ownership in...
[MATCH 0.96] Docx: Considering characteristics of... <--> MD: Considering the Characteristic...
[MISSING] Docx: One advantage of purchasing preferred stock instea...
[MISSING] Docx: Because preferred stocks receive (or are supposed ...
[MISSING] Docx: If the issuer can’t make a payment because earning...
[MISSING] Docx: To calculate the annual dividend, multiply the per...
[MISSING] Docx: 6% preferred stock  $100 par  $6 per year in divid...
[MISSING] Docx: If the issuer were to pay this dividend quarterly ...
[MISSING] Docx: When working on a dividend question on preferred s...
[MATCH 0.78] Docx: Getting familiar with types of... <--> MD: Familiarizing Yourself with Ty...
[MISSING] Docx: You need to be aware of several types of preferred...
[MISSING] Docx: Noncumulative (straight) preferred: This type of p...
[MISSING] Docx: the issuer doesn’t pay the dividend, the company u...
[MISSING] Docx: Cumulative preferred: Cumulative preferred stock i...
[MISSING] Docx: and still owes that dividend. Before paying a comm...
[MISSING] Docx: Because preferred stock is senior to common stock,...
[MISSING] Docx: The following question tests your understanding of...
[MISSING] Docx: An ABC investor owns 8 percent cumulative preferre...
[MISSING] Docx: $6...
[MATCH 1.00] Docx: $8... <--> MD: $8...
[MISSING] Docx: $12...
[MISSING] Docx: $14...
[MISSING] Docx: The right answer is (D). Because ABC is cumulative...
[MISSING] Docx: $8  $6	$8  $4	$8	$2  $4  $8	$14...
[MISSING] Docx: All preferred stock has to be either cumulative or...
[MISSING] Docx: Convertible preferred: Convertible preferred stock...
[MISSING] Docx: providing investors another way to make money, inv...
[MISSING] Docx: The conversion price is the dollar price at which ...
[MISSING] Docx: You can use the following conversion ratio formula...
[MISSING] Docx: convertible bonds (see Chapter 7 for info on conve...
[MISSING] Docx: par value...
[MISSING] Docx: conversion ratio...
[MISSING] Docx: conversion price...
[MISSING] Docx: The conversion ratio helps you determine a parity ...
[MISSING] Docx: Callable preferred: Callable preferred stock allow...
[MISSING] Docx: at any time after a defined date at the price (the...
[MISSING] Docx: Participating preferred: Although rarely issued, p...
[MISSING] Docx: investors to receive common dividends in addition ...
[MISSING] Docx: Prior (senior) preferred: Your run-of-the-mill pre...
[MISSING] Docx: before common stockholders in the event of corpora...
[MISSING] Docx: Adjustable (variable- or floating-rate) preferred:...
[MISSING] Docx: interest rates. Because the dividend adjusts to ch...
[MISSING] Docx: a certain benchmark such as the T-bill rate), the ...
[MATCH 1.00] Docx: Some securities fall outside t... <--> MD: Some securities fall outside t...
  -> Match found but no Chinese content extracted.
[MATCH 1.00] Docx: Opening national borders: ADRs... <--> MD: Opening national borders: ADRs...
[MISSING] Docx: American Depositary Receipts (ADRs) are receipts f...
[MATCH 0.75] Docx: In addition to the risks assoc... <--> MD: In addition to the risks assoc...
  -> Match found but no Chinese content extracted.
[MATCH 1.00] Docx: Rights: The right to buy new s... <--> MD: Rights: The right to buy new s...
[MATCH 0.71] Docx: Corporations offer special pri... <--> MD: Stockholders receive one right...
  -> Match found but no Chinese content extracted.
[MATCH 1.00] Docx: For the SIE exam, you can assu... <--> MD: For the SIE exam, you can assu...
  -> Match found but no Chinese content extracted.
[MATCH 0.72] Docx: Warrants: The right to buy sha... <--> MD: Warrants: The right to buy sha...
[MISSING] Docx: of stock at a fixed price...
[MISSING] Docx: Warrants are certificates that entitle the holder ...
[MATCH 1.00] Docx: Suppose that QRS warrants give... <--> MD: Suppose that QRS warrants give...
  -> Match found but no Chinese content extracted.
[MATCH 0.99] Docx: On the SIE exam, both rights a... <--> MD: On the SIE exam, both rights a...
  -> Match found but no Chinese content extracted.
[MISSING] Docx: Now that you’ve learned what you need to know abou...
[MATCH 0.92] Docx: Practice questions... <--> MD: 7. Practice Questions 7....
[MATCH 1.00] Docx: Common stockholders have the r... <--> MD: 1.  Common stockholders have t...
  -> Match found but no Chinese content extracted.
[MATCH 0.89] Docx: Stock splits... <--> MD: I. Stock splits...
[MATCH 0.88] Docx: Cash dividends... <--> MD: II. Cash dividends...
[MATCH 0.88] Docx: Board of directors... <--> MD: III. Board of directors...
[MATCH 0.80] Docx: I and II... <--> MD: (A) I and II...
  -> Match found but no Chinese content extracted.
[MATCH 0.82] Docx: I and III... <--> MD: (B) I and III...
  -> Match found but no Chinese content extracted.
[MATCH 0.83] Docx: II and III... <--> MD: (C) II and III...
  -> Match found but no Chinese content extracted.
[MATCH 0.88] Docx: I, II, and III... <--> MD: (D) I, II, and III...
  -> Match found but no Chinese content extracted.
[MATCH 1.00] Docx: DIMM Corporation has just decl... <--> MD: 2.  DIMM Corporation has just ...
  -> Match found but no Chinese content extracted.
[MATCH 0.98] Docx: IRS, unpaid workers, general c... <--> MD: (A) IRS, unpaid workers, gener...
  -> Match found but no Chinese content extracted.
[MATCH 0.99] Docx: Common stockholders, general c... <--> MD: (B) Common stockholders, gener...
  -> Match found but no Chinese content extracted.
[MATCH 0.98] Docx: Unpaid workers, IRS, secured c... <--> MD: (C) Unpaid workers, IRS, secur...
  -> Match found but no Chinese content extracted.
[MATCH 0.99] Docx: IRS, unpaid workers, secured c... <--> MD: (D) IRS, unpaid workers, secur...
  -> Match found but no Chinese content extracted.
[MATCH 0.98] Docx: Ayla K. owns 2,000 shares of J... <--> MD: 3.  Ayla K. owns 2,000 shares ...
  -> Match found but no Chinese content extracted.
[MATCH 0.96] Docx: 2,000 votes for each of the fo... <--> MD: (A) 2,000 votes for each of th...
  -> Match found but no Chinese content extracted.
[MATCH 0.96] Docx: 4,000 votes each for two candi... <--> MD: (B) 4,000 votes each for two c...
  -> Match found but no Chinese content extracted.
[MATCH 0.98] Docx: 5,000 votes for one candidate ... <--> MD: (C) 5,000 votes for one candid...
  -> Match found but no Chinese content extracted.
[MATCH 0.96] Docx: 3,000 votes for each of three ... <--> MD: (D) 3,000 votes for each of th...
  -> Match found but no Chinese content extracted.
[MATCH 1.00] Docx: The par value of a common stoc... <--> MD: 4.  The par value of a common ...
  -> Match found but no Chinese content extracted.
[MATCH 0.95] Docx: in direct relation to the mark... <--> MD: (A) in direct relation to the ...
  -> Match found but no Chinese content extracted.
[MATCH 0.94] Docx: used only for bookkeeping purp... <--> MD: (B) used only for bookkeeping ...
  -> Match found but no Chinese content extracted.
[MATCH 0.97] Docx: always set at $1 unless the st... <--> MD: (C) always set at $1 unless th...
  -> Match found but no Chinese content extracted.
[MATCH 0.96] Docx: the basis for which cash divid... <--> MD: (D) the basis for which cash d...
  -> Match found but no Chinese content extracted.
[MATCH 0.91] Docx: Tender offers typically 	 the ... <--> MD: 5.  Tender offers typically \_...
  -> Match found but no Chinese content extracted.
[MATCH 0.80] Docx: increase... <--> MD: (A) increase...
[MATCH 0.80] Docx: decrease... <--> MD: (B) decrease...
[MATCH 0.86] Docx: don’t affect... <--> MD: (C) don’t affect...
[MATCH 0.91] Docx: increase or decrease... <--> MD: (D) increase or decrease...
[MATCH 1.00] Docx: Which of the following are tru... <--> MD: 6.  Which of the following are...
  -> Match found but no Chinese content extracted.
[MATCH 0.97] Docx: They’re receipts for foreign s... <--> MD: I. They’re receipts for foreig...
[MISSING] Docx: Dividends are paid in the foreign currency....
[MISSING] Docx: They’re negotiable....
[MATCH 0.62] Docx: I and III... <--> MD: (A) I and II only...
  -> Match found but no Chinese content extracted.
[MATCH 0.64] Docx: I and II... <--> MD: (A) I and II only...
  -> Match found but no Chinese content extracted.
[MISSING] Docx: II and III...
[MATCH 0.67] Docx: I, II, and III... <--> MD: (C) I, II, and IV only...
  -> Match found but no Chinese content extracted.
[MISSING] Docx: Declan Hudson owns 1,200 shares of ABCD Corporatio...
[MISSING] Docx: for-2 reverse-split. If the price of ABCD closed a...
[MISSING] Docx: 2,400 shares at $20...
[MISSING] Docx: 2,400 shares at $5...
[MISSING] Docx: 600 shares at $5...
[MISSING] Docx: 600 shares at $20...
[MISSING] Docx: An investor purchased 200 shares of DDD common sto...
[MISSING] Docx: 200 shares at $39.05 per share...
[MISSING] Docx: 200 shares at $41.90 per share...
[MISSING] Docx: 210 shares at $39.05 per share...
[MISSING] Docx: 210 shares at $41.90 per share...
[MISSING] Docx: WXY Corporation common stock closed at $45 on the ...
[MISSING] Docx: 44.22...
[MISSING] Docx: 44.23...
[MISSING] Docx: 45.00...
[MISSING] Docx: 45.77...
[MISSING] Docx: A corporation has issued 6 percent $100 par cumula...
[MISSING] Docx: $5...
[MISSING] Docx: $6...
[MISSING] Docx: $11...
[MISSING] Docx: $14...
[MISSING] Docx: Which of the following preferred stocks would most...
[MISSING] Docx: Callable preferred...
[MISSING] Docx: Convertible preferred...
[MISSING] Docx: Prior preferred...
[MISSING] Docx: Can’t be determined...
[MISSING] Docx: Rights are automatically received by...
[MISSING] Docx: convertible preferred stockholders...
[MISSING] Docx: senior preferred stockholders...
[MISSING] Docx: common stockholders...
[MISSING] Docx: both (A) and (B)...
[MISSING] Docx: Which of the following is/are true of warrants?...
[MISSING] Docx: They’re long-term....
[MISSING] Docx: They’re considered to be sweeteners....
[MISSING] Docx: They’re marketable....
[MISSING] Docx: All of the above....
[MISSING] Docx: STU Corporation would like to offer its existing s...
[MISSING] Docx: Convertible preferred stock...
[MISSING] Docx: Call...
[MISSING] Docx: Rights...
[MISSING] Docx: Futures...
[MISSING] Docx: Under statutory voting, an individual stockholder ...
[MISSING] Docx: the number of vacancies on the board of directors...
[MISSING] Docx: the number of shares owned multiplied by the numbe...
[MISSING] Docx: the number of shares owned by the stockholders...
[MISSING] Docx: any of the above...
[MISSING] Docx: When a corporation splits is its stock,...
[MISSING] Docx: The price of their common stock increases....
[MISSING] Docx: The price of their common stock decreases....
[MISSING] Docx: Each shareholder’s proportionate ownership increas...
[MISSING] Docx: Tach shareholder’s proportionate ownership decreas...
[MISSING] Docx: In June, JKL Corporation announced a 20 percent st...
[MISSING] Docx: 1,600 shares at $48.00...
[MISSING] Docx: 2,000 shares at $32.00...
[MISSING] Docx: 2,400 shares at $32.00...
[MISSING] Docx: 2,400 shares at $40.00...
[MISSING] Docx: If a corporation were to go bankrupt, which of the...
[MISSING] Docx: Preferred shareholders...
[MISSING] Docx: Common shareholders...
[MISSING] Docx: Secured debt holders...
[MISSING] Docx: Unsecured debt holders...
[MISSING] Docx: Answers and explanations...
[MISSING] Docx: B. Of the choices given, common stockholders have ...
[MISSING] Docx: C. In the event that a corporation declares bankru...
[MISSING] Docx: D. Because the voting is cumulative, Ayla has the ...
[MISSING] Docx: B. The issuer uses the par value of a common stock...
[MISSING] Docx: A. Tender offers occur when a corporation, person,...
[MISSING] Docx: To purchase enough shares, the corporation, person...
[MISSING] Docx: A. ADRs are receipts for foreign securities traded...
[MISSING] Docx: D. Because ABCD is doing a reverse-split, Declan w...
[MISSING] Docx: 1...
[MISSING] Docx: Shares after the split  1, 200 shares...
[MISSING] Docx: 2...
[MISSING] Docx: 2...
[MISSING] Docx: 600 shares...
[MISSING] Docx: Price after the split	$10...
[MISSING] Docx: 1...
[MISSING] Docx: $20...
[MISSING] Docx: D. You can cross out two answers to this question ...
[MISSING] Docx: 200 shares  $44	$8, 800...
[MISSING] Docx: You can see that the investor had an overall value...
[MISSING] Docx: $8, 800...
[MISSING] Docx: 210 shares...
[MISSING] Docx: $41.90 per share...
[MISSING] Docx: B. On the ex-dividend date, the stock would be red...
[MISSING] Docx: Stock price  dividend	price on the ex - dividend d...
[MISSING] Docx: $45  $0.77	$44.23...
[MISSING] Docx: C. Because the stock is cumulative preferred stock...
[MISSING] Docx: $2 per share; it was supposed to pay $6 ($100 par ...
[MISSING] Docx: $6  $4	$6  $3	$6	$11...
[MISSING] Docx: A. Of the choices listed, callable preferred would...
[MISSING] Docx: C. Rights allow shareholders to purchase new share...
[MISSING] Docx: D. Warrants allow shareholders to purchase shares ...
[MISSING] Docx: C. If a corporation would like to offer its existi...
[MISSING] Docx: C. Under statutory (regular) voting rules, individ...
[MISSING] Docx: B. When a corporation splits its stock (2-for-1, 3...
[MISSING] Docx: C. In this case, you didn’t even have to do the ma...
[MISSING] Docx: $40), so after the split, she should still have $8...
[MISSING] Docx: C. In a Chapter 11 proceeding, debt holders have a...
